== happy path: away flag, inbox note queued, begin with a WRITABLE stdout
begin rc=0
-- stdout:
   === Return brief ===
   Supervisor health:
     - GAP: watcher downtime was detected during the away window (recovery marker present)
     - GAP: the away daemon was not running at return (the away flag stood with no live daemon)
     - GAP: the watcher beat was 999999s old at return (grace 300s)
   Your instructions:
     (no away-posture record for this window; legacy away flag only)
   Waiting on you:
     (nothing)
   Tried and failed, or could not be fixed:
     (nothing)
   Landed, cleanup due:
     (nothing)
   Handled while away:
     0 outcome(s) handled by the away session (0 routine, 0 escalated above)
     (no routine outcomes recorded in the store for this window)
   Cost: 0 supervision outcome(s) recorded (0 routine, 0 captain); 0 task(s) live at return.
   catch-up health: GAP: watcher downtime was detected during the away window (recovery marker present)
   catch-up health: GAP: the away daemon was not running at return (the away flag stood with no live daemon)
   catch-up health: GAP: the watcher beat was 999999s old at return (grace 300s)
   catch-up wake: 1790424855 1 check inbox:1790424855-s4au5n check: captain inbox note 1790424855-s4au5n - rotate the staging token
   fm-afk-return: catch-up clear; ordinary captain work may proceed
-- stderr:
   fm-afk-launch: away mode stopped; no daemon terminal was running, .afk cleared, and the posture record archived
   WAKE_ACK_REQUIRED: after handling completes run bin/fm-wake-drain.sh --ack-through 1 --recovery-generation 28700.1790424855.Tz1ZZt
-- gate present: no; stray staged files: 0

== blocker path: a live task reports blocked:, begin with an UNWRITABLE (read-only) stdout
begin rc=3 (documented 3: catch-up must finish first)
-- stderr:
   fm-afk-launch: away mode stopped; no daemon terminal was running, .afk cleared, and the posture record archived
   ●━━━━━━━━━━━━━━━━━━━━━━━━━━━━━━━━━━━━━━━━━━━━━━━━━━━━━━━━━━━━━━━━━━━━━━━
   ●  WATCHER DOWN - SUPERVISION IS OFF
   ●  1 task(s) in flight, but no watcher has a fresh beacon (last beat: never, grace 300s).
   ●  Trust the emitted supervision protocol for this harness; do not use shell & for watcher repair.
   ●  This is a supervision warning only; the guarded operation WILL still run.
   ●  watcher supervision needs Stop-owned automatic recovery; inspect the hook registration and startup status before ending the turn.
   ●━━━━━━━━━━━━━━━━━━━━━━━━━━━━━━━━━━━━━━━━━━━━━━━━━━━━━━━━━━━━━━━━━━━━━━━
   cat: stdout: Bad file descriptor
   fm-afk-return: catch-up must finish before the captain request
   catch-up health: GAP: the away daemon was not running at return (the away flag stood with no live daemon)
   catch-up health: GAP: the watcher beat was 999999s old at return (grace 300s)
   catch-up wake: OPEN DECISIONS (still open, folded from the durable status logs - not just the latest line):
   catch-up wake: repair-task [key=token-refresh] blocked: firstmate can refresh the synthetic token
   catch-up wake: OPEN DECISIONS: close one by answering it: bin/fm-send.sh <task> --resolve-key <key> '<answer>'
   firstmate-actionable blocker: repair-task [key=token-refresh] firstmate can refresh the synthetic token
   fm-afk-return: handle each blocker now, or close it with resolved [key=...] and append a durable reclassification reason, then run bin/fm-afk-return.sh check
-- gate present: yes; gate blocker rows:
   blocker	repair-task	token-refresh	firstmate can refresh the synthetic token
-- stray staged files: 0
== blocker path: check with writable stdout still refuses while the blocker is open
check rc=3
-- stdout (brief):
   === Return brief ===
   Supervisor health:
     - GAP: the away daemon was not running at return (the away flag stood with no live daemon)
     - GAP: the watcher beat was 999999s old at return (grace 300s)
   Your instructions:
     (no away-posture record for this window; legacy away flag only)
   Waiting on you:
     (nothing)
   Tried and failed, or could not be fixed:
     - repair-task [key=token-refresh] still blocked, firstmate remediates before ordinary work: firstmate can refresh the synthetic token
   Landed, cleanup due:
     (nothing)
   Handled while away:
     0 outcome(s) handled by the away session (0 routine, 0 escalated above)
     (no routine outcomes recorded in the store for this window)
   Cost: 0 supervision outcome(s) recorded (0 routine, 0 captain); 1 task(s) live at return.
-- stderr:
   WARNING: watcher still down (same stale episode; last beat: never, grace 300s) - full banner already printed this episode.
   fm-afk-return: catch-up must finish before the captain request
   catch-up health: GAP: the away daemon was not running at return (the away flag stood with no live daemon)
   catch-up health: GAP: the watcher beat was 999999s old at return (grace 300s)
   catch-up wake: OPEN DECISIONS (still open, folded from the durable status logs - not just the latest line):
   catch-up wake: repair-task [key=token-refresh] blocked: firstmate can refresh the synthetic token
   catch-up wake: OPEN DECISIONS: close one by answering it: bin/fm-send.sh <task> --resolve-key <key> '<answer>'
   firstmate-actionable blocker: repair-task [key=token-refresh] firstmate can refresh the synthetic token
   fm-afk-return: handle each blocker now, or close it with resolved [key=...] and append a durable reclassification reason, then run bin/fm-afk-return.sh check
== resolve the blocker, check again
check rc=0
   catch-up wake: OPEN DECISIONS: close one by answering it: bin/fm-send.sh <task> --resolve-key <key> '<answer>'
   fm-afk-return: catch-up clear; ordinary captain work may proceed
-- gate present: no
labs removed
