== [target 2614a70] shell: GNU bash, version 3.2.57(1)-release (arm64-apple-darwin24); script shebang: #!/usr/bin/env bash
== [target 2614a70] away mode on (legacy flag) and a captain inbox note queued while away
inbox note rc=0
queued wake rows: 
== [target 2614a70] begin with UNWRITABLE stdout (ro)
begin rc=3 (documented: 3 = catch-up remains pending)
-- begin stderr:
   fm-afk-launch: away mode stopped; no daemon terminal was running, .afk cleared, and the posture record archived
   cat: stdout: Bad file descriptor
   fm-afk-return: recovery evidence could not be published; catch-up remains pending
-- catch-up gate present: yes
-- gate lifecycle evidence:
   evidence	lifecycle	recovery evidence publication failed; retry catch-up before ordinary work
-- stray staged files in state: 0
== [target 2614a70] check with writable stdout (the retry)
check rc=0
-- check stdout:
   === Return brief ===
   Supervisor health:
     - GAP: watcher downtime was detected during the away window (recovery marker present)
     - GAP: the away daemon was not running at return (the away flag stood with no live daemon)
     - GAP: the watcher beat was 999999s old at return (grace 300s)
   Your instructions:
     (no away-posture record for this window; legacy away flag only)
   Waiting on you:
     (nothing)
   Tried and failed, or could not be fixed:
     (nothing)
   Landed, cleanup due:
     (nothing)
   Handled while away:
     0 outcome(s) handled by the away session (0 routine, 0 escalated above)
     (no routine outcomes recorded in the store for this window)
   Cost: 0 supervision outcome(s) recorded (0 routine, 0 captain); 0 task(s) live at return.
   catch-up health: GAP: watcher downtime was detected during the away window (recovery marker present)
   catch-up health: GAP: the away daemon was not running at return (the away flag stood with no live daemon)
   catch-up health: GAP: the watcher beat was 999999s old at return (grace 300s)
   catch-up wake: 1790424815 1 check inbox:1790424815-NBO9F0 check: captain inbox note 1790424815-NBO9F0 - check the release notes before merging
   catch-up lifecycle: recovery evidence publication failed; retry catch-up before ordinary work
   fm-afk-return: catch-up clear; ordinary captain work may proceed
-- check stderr:
   WAKE_ACK_REQUIRED: after handling completes run bin/fm-wake-drain.sh --ack-through 1 --recovery-generation 12410.1790424815.dFsRAy
-- catch-up gate present after check: no
-- stray staged files in state: 0
== [target 2614a70] lab removed: yes
